help.are
social.are
rot.are
group.are
olc.hlp
limbo.are
plains.are
ofcol2.are
olympus.are
air.are
shire.are
morgue.are
immort.are
midgaard.are
hitower.are
gnome.are
wyvern.are
catacomb.are
hood.are
draconia.are
mahntor.are
trollden.are
chapel.are
midennir.are
grave.are
school.are
moria.are
eastern.are
drow.are
thalos.are
mirror.are
ofcol.are
arachnos.are
haon.are
dwarven.are
daycare.are
quifael.are
sewer.are
astral.are
valley.are
redferne.are
mega1.are
marsh.are
dream.are
pyramid.are
grove.are
kernai.are
dylan.are
canyon.are
galaxy.are
avenue.are
newthalos.are
tohell.are
divsouls.are
dark.are
drakyri.are
stonebow.are
sacrifice.are
pirate.are
fanatics.are
brother.are
beholder.are
tg.are
demon.are
labrynth.are
alienfld.are
talgrath.are
sleighty.are
immarea.are
romcol.are
stastuff.are
glacier.are
winther.are
firetoys.are
infierno.are
nightwlf.are
arcana.are
blood.are
amazon.are
wanderer.are
aeiana.are
aliencty.are
minstrlo.are
afsanc.are
newbtra.are
newbieeq.are
trading.are
housing.are
ravine.are
caves.are
tansinia.are
lonas.are
forgcity.are
shadedf.are
forest.are
sinae.are
road.are
woodlodg.are
frsttmpl.are
immhang.are
destiny.are
questeq.are
golfing.are
grimslab.are
poway.are
casino.are
illusion.are
nbtrncrs.are
renwood.are
norsid.are
newtest.are
frostyld.are
newbtest.are
goldmine.are
machine.are
cursfort.are
inglut.are
cirussea.are
warpma.are
skexie.are
enigma.are
crypt.are
malus.are
halls.are
mltary.are
covenant.are
keeperlt.are
theorder.are
castle.are
lakeeos.are
$
